Archive member included because of file (symbol)

/Applications/KDS_v3.app/Contents/toolchain/bin/../lib/gcc/arm-none-eabi/4.8.4/armv6-m/libgcc.a(_udivsi3.o)
                              ./Project_Settings/Startup_Code/system_MKL25Z4.o (__aeabi_uidiv)
/Applications/KDS_v3.app/Contents/toolchain/bin/../lib/gcc/arm-none-eabi/4.8.4/armv6-m/libgcc.a(_divsi3.o)
                              ./Sources/data.o (__aeabi_idiv)
/Applications/KDS_v3.app/Contents/toolchain/bin/../lib/gcc/arm-none-eabi/4.8.4/armv6-m/libgcc.a(_dvmd_tls.o)
                              /Applications/KDS_v3.app/Contents/toolchain/bin/../lib/gcc/arm-none-eabi/4.8.4/armv6-m/libgcc.a(_udivsi3.o) (__aeabi_idiv0)
/Applications/KDS_v3.app/Contents/toolchain/bin/../lib/gcc/arm-none-eabi/4.8.4/../../../../arm-none-eabi/lib/armv6-m/libg_s.a(lib_a-exit.o)
                              /Applications/KDS_v3.app/Contents/toolchain/bin/../lib/gcc/arm-none-eabi/4.8.4/../../../../arm-none-eabi/lib/armv6-m/crt0.o (exit)
/Applications/KDS_v3.app/Contents/toolchain/bin/../lib/gcc/arm-none-eabi/4.8.4/../../../../arm-none-eabi/lib/armv6-m/libg_s.a(lib_a-impure.o)
                              /Applications/KDS_v3.app/Contents/toolchain/bin/../lib/gcc/arm-none-eabi/4.8.4/../../../../arm-none-eabi/lib/armv6-m/libg_s.a(lib_a-exit.o) (_global_impure_ptr)
/Applications/KDS_v3.app/Contents/toolchain/bin/../lib/gcc/arm-none-eabi/4.8.4/../../../../arm-none-eabi/lib/armv6-m/libg_s.a(lib_a-init.o)
                              /Applications/KDS_v3.app/Contents/toolchain/bin/../lib/gcc/arm-none-eabi/4.8.4/../../../../arm-none-eabi/lib/armv6-m/crt0.o (__libc_init_array)
/Applications/KDS_v3.app/Contents/toolchain/bin/../lib/gcc/arm-none-eabi/4.8.4/../../../../arm-none-eabi/lib/armv6-m/libg_s.a(lib_a-malloc.o)
                              ./Sources/circular_buffer.o (malloc)
/Applications/KDS_v3.app/Contents/toolchain/bin/../lib/gcc/arm-none-eabi/4.8.4/../../../../arm-none-eabi/lib/armv6-m/libg_s.a(lib_a-memcpy-stub.o)
                              ./Sources/circular_buffer.o (memcpy)
/Applications/KDS_v3.app/Contents/toolchain/bin/../lib/gcc/arm-none-eabi/4.8.4/../../../../arm-none-eabi/lib/armv6-m/libg_s.a(lib_a-memset.o)
                              /Applications/KDS_v3.app/Contents/toolchain/bin/../lib/gcc/arm-none-eabi/4.8.4/../../../../arm-none-eabi/lib/armv6-m/crt0.o (memset)
/Applications/KDS_v3.app/Contents/toolchain/bin/../lib/gcc/arm-none-eabi/4.8.4/../../../../arm-none-eabi/lib/armv6-m/libg_s.a(lib_a-nano-freer.o)
                              /Applications/KDS_v3.app/Contents/toolchain/bin/../lib/gcc/arm-none-eabi/4.8.4/../../../../arm-none-eabi/lib/armv6-m/libg_s.a(lib_a-malloc.o) (_free_r)
/Applications/KDS_v3.app/Contents/toolchain/bin/../lib/gcc/arm-none-eabi/4.8.4/../../../../arm-none-eabi/lib/armv6-m/libg_s.a(lib_a-nano-mallocr.o)
                              /Applications/KDS_v3.app/Contents/toolchain/bin/../lib/gcc/arm-none-eabi/4.8.4/../../../../arm-none-eabi/lib/armv6-m/libg_s.a(lib_a-malloc.o) (_malloc_r)
/Applications/KDS_v3.app/Contents/toolchain/bin/../lib/gcc/arm-none-eabi/4.8.4/../../../../arm-none-eabi/lib/armv6-m/libg_s.a(lib_a-printf.o)
                              ./Sources/circular_buffer.o (printf)
/Applications/KDS_v3.app/Contents/toolchain/bin/../lib/gcc/arm-none-eabi/4.8.4/../../../../arm-none-eabi/lib/armv6-m/libg_s.a(lib_a-puts.o)
                              ./Sources/circular_buffer.o (puts)
/Applications/KDS_v3.app/Contents/toolchain/bin/../lib/gcc/arm-none-eabi/4.8.4/../../../../arm-none-eabi/lib/armv6-m/libg_s.a(lib_a-sbrkr.o)
                              /Applications/KDS_v3.app/Contents/toolchain/bin/../lib/gcc/arm-none-eabi/4.8.4/../../../../arm-none-eabi/lib/armv6-m/libg_s.a(lib_a-nano-mallocr.o) (_sbrk_r)
/Applications/KDS_v3.app/Contents/toolchain/bin/../lib/gcc/arm-none-eabi/4.8.4/../../../../arm-none-eabi/lib/armv6-m/libg_s.a(lib_a-vfprintf.o)
                              /Applications/KDS_v3.app/Contents/toolchain/bin/../lib/gcc/arm-none-eabi/4.8.4/../../../../arm-none-eabi/lib/armv6-m/libg_s.a(lib_a-printf.o) (_vfprintf_r)
/Applications/KDS_v3.app/Contents/toolchain/bin/../lib/gcc/arm-none-eabi/4.8.4/../../../../arm-none-eabi/lib/armv6-m/libg_s.a(lib_a-vfprintf_i.o)
                              /Applications/KDS_v3.app/Contents/toolchain/bin/../lib/gcc/arm-none-eabi/4.8.4/../../../../arm-none-eabi/lib/armv6-m/libg_s.a(lib_a-vfprintf.o) (_printf_i)
/Applications/KDS_v3.app/Contents/toolchain/bin/../lib/gcc/arm-none-eabi/4.8.4/../../../../arm-none-eabi/lib/armv6-m/libg_s.a(lib_a-wbuf.o)
                              /Applications/KDS_v3.app/Contents/toolchain/bin/../lib/gcc/arm-none-eabi/4.8.4/../../../../arm-none-eabi/lib/armv6-m/libg_s.a(lib_a-puts.o) (__swbuf_r)
/Applications/KDS_v3.app/Contents/toolchain/bin/../lib/gcc/arm-none-eabi/4.8.4/../../../../arm-none-eabi/lib/armv6-m/libg_s.a(lib_a-wsetup.o)
[...]
Memory Configuration

Name             Origin             Length             Attributes
m_interrupts     0x0000000000000000 0x0000000000000100 xr
m_flash_config   0x0000000000000400 0x0000000000000010 xr
m_text           0x0000000000000410 0x000000000001fbf0 xr
m_data           0x000000001ffff000 0x0000000000004000 rw
*default*        0x0000000000000000 0xffffffffffffffff

Linker script and memory map

LOAD /Applications/KDS_v3.app/Contents/toolchain/bin/../lib/gcc/arm-none-eabi/4.8.4/armv6-m/crti.o
LOAD /Applications/KDS_v3.app/Contents/toolchain/bin/../lib/gcc/arm-none-eabi/4.8.4/armv6-m/crtbegin.o
LOAD /Applications/KDS_v3.app/Contents/toolchain/bin/../lib/gcc/arm-none-eabi/4.8.4/../../../../arm-none-eabi/lib/armv6-m/crt0.o
LOAD ./Sources/circular_buffer.o
LOAD ./Sources/data.o
LOAD ./Sources/led.o
LOAD ./Sources/log.o
LOAD ./Sources/main.o
LOAD ./Sources/memory.o
LOAD ./Sources/timer.o
LOAD ./Sources/uart.o
LOAD ./Project_Settings/Startup_Code/startup_MKL25Z4.o
LOAD ./Project_Settings/Startup_Code/system_MKL25Z4.o
LOAD /Applications/KDS_v3.app/Contents/toolchain/bin/../lib/gcc/arm-none-eabi/4.8.4/../../../../arm-none-eabi/lib/armv6-m/libstdc++_s.a
LOAD /Applications/KDS_v3.app/Contents/toolchain/bin/../lib/gcc/arm-none-eabi/4.8.4/../../../../arm-none-eabi/lib/armv6-m/libm.a
START GROUP
LOAD /Applications/KDS_v3.app/Contents/toolchain/bin/../lib/gcc/arm-none-eabi/4.8.4/armv6-m/libgcc.a
LOAD /Applications/KDS_v3.app/Contents/toolchain/bin/../lib/gcc/arm-none-eabi/4.8.4/../../../../arm-none-eabi/lib/armv6-m/libg_s.a
LOAD /Applications/KDS_v3.app/Contents/toolchain/bin/../lib/gcc/arm-none-eabi/4.8.4/../../../../arm-none-eabi/lib/armv6-m/libc_s.a
END GROUP
START GROUP
LOAD /Applications/KDS_v3.app/Contents/toolchain/bin/../lib/gcc/arm-none-eabi/4.8.4/armv6-m/libgcc.a
LOAD /Applications/KDS_v3.app/Contents/toolchain/bin/../lib/gcc/arm-none-eabi/4.8.4/../../../../arm-none-eabi/lib/armv6-m/libc_s.a
LOAD /Applications/KDS_v3.app/Contents/toolchain/bin/../lib/gcc/arm-none-eabi/4.8.4/../../../../arm-none-eabi/lib/armv6-m/libnosys.a
END GROUP
START GROUP
LOAD /Applications/KDS_v3.app/Contents/toolchain/bin/../lib/gcc/arm-none-eabi/4.8.4/armv6-m/libgcc.a
LOAD /Applications/KDS_v3.app/Contents/toolchain/bin/../lib/gcc/arm-none-eabi/4.8.4/../../../../arm-none-eabi/lib/armv6-m/libc_s.a
LOAD /Applications/KDS_v3.app/Contents/toolchain/bin/../lib/gcc/arm-none-eabi/4.8.4/../../../../arm-none-eabi/lib/armv6-m/libnosys.a
END GROUP
LOAD /Applications/KDS_v3.app/Contents/toolchain/bin/../lib/gcc/arm-none-eabi/4.8.4/armv6-m/crtend.o
LOAD /Applications/KDS_v3.app/Contents/toolchain/bin/../lib/gcc/arm-none-eabi/4.8.4/armv6-m/crtn.o
                0x0000000000000400                HEAP_SIZE = DEFINED (__heap_size__)?__heap_size__:0x400
                0x0000000000000400                STACK_SIZE = DEFINED (__stack_size__)?__stack_size__:0x400

.interrupts     0x0000000000000000       0xc0
                0x0000000000000000                __VECTOR_TABLE = .
                0x0000000000000000                . = ALIGN (0x4)
 *(.isr_vector)
 .isr_vector    0x0000000000000000       0xc0 ./Project_Settings/Startup_Code/startup_MKL25Z4.o
                0x0000000000000000                __isr_vector
                0x00000000000000c0                . = ALIGN (0x4)

.flash_config   0x0000000000000400       0x10
                0x0000000000000400                . = ALIGN (0x4)
 *(.FlashConfig)
 .FlashConfig   0x0000000000000400       0x10 ./Project_Settings/Startup_Code/startup_MKL25Z4.o
                0x0000000000000410                . = ALIGN (0x4)

.text           0x0000000000000410      0x514
                0x0000000000000410                . = ALIGN (0x4)
 *(.text)
 .text          0x0000000000000410       0x60 /Applications/KDS_v3.app/Contents/toolchain/bin/../lib/gcc/arm-none-eabi/4.8.4/armv6-m/crtbegin.o
 .text          0x0000000000000470       0x78 /Applications/KDS_v3.app/Contents/toolchain/bin/../lib/gcc/arm-none-eabi/4.8.4/../../../../arm-none-eabi/lib/armv6-m/crt0.o
                0x0000000000000470                _mainCRTStartup
                0x0000000000000470                _start
 .text          0x00000000000004e8       0x34 ./Project_Settings/Startup_Code/startup_MKL25Z4.o
                0x00000000000004e8                Reset_Handler
                0x0000000000000514                HardFault_Handler
                0x0000000000000514                SysTick_Handler
                0x0000000000000514                PendSV_Handler
                0x0000000000000514                NMI_Handler
                0x0000000000000514                I2C1_IRQHandler
                0x0000000000000514                UART1_IRQHandler
                0x0000000000000514                DMA2_IRQHandler
                0x0000000000000514                TPM0_IRQHandler
                0x0000000000000514                LLWU_IRQHandler
                0x0000000000000514                TSI0_IRQHandler
                0x0000000000000514                ADC0_IRQHandler
                0x0000000000000514                Reserved39_IRQHandler
                0x0000000000000514                SPI1_IRQHandler
                0x0000000000000514                DefaultISR
                0x0000000000000514                PORTD_IRQHandler
                0x0000000000000514                TPM2_IRQHandler
                0x0000000000000514                RTC_IRQHandler
                0x0000000000000514                RTC_Seconds_IRQHandler
                0x0000000000000514                MCG_IRQHandler
                0x0000000000000514                UART2_IRQHandler
                0x0000000000000514                Reserved20_IRQHandler
                0x0000000000000514                USB0_IRQHandler
                0x0000000000000514                PIT_IRQHandler
                0x0000000000000514                SVC_Handler
                0x0000000000000514                DMA3_IRQHandler
                0x0000000000000514                DMA0_IRQHandler
                0x0000000000000514                DAC0_IRQHandler
                0x0000000000000514                Reserved45_IRQHandler
                0x0000000000000514                TPM1_IRQHandler
                0x0000000000000514                LVD_LVW_IRQHandler
                0x0000000000000514                SPI0_IRQHandler
                0x0000000000000514                PORTA_IRQHandler
                0x0000000000000514                FTFA_IRQHandler
                0x0000000000000514                LPTMR0_IRQHandler
                0x0000000000000514                CMP0_IRQHandler
                0x0000000000000514                I2C0_IRQHandler
                0x0000000000000514                DMA1_IRQHandler
 *(.text*)
 .text.config_leds
                0x000000000000051c       0x7c ./Sources/led.o
                0x000000000000051c                config_leds
 .text.turn_off_all_leds
                0x0000000000000598       0x28 ./Sources/led.o
                0x0000000000000598                turn_off_all_leds
 .text.turn_on_leds
                0x00000000000005c0       0xb8 ./Sources/led.o
                0x00000000000005c0                turn_on_leds
 .text.main     0x0000000000000678       0x64 ./Sources/main.o
                0x0000000000000678                main
 .text.init_uart
                0x00000000000006dc       0x70 ./Sources/uart.o
                0x00000000000006dc                init_uart
 .text.config_receive
                0x000000000000074c       0x28 ./Sources/uart.o
                0x000000000000074c                config_receive
 .text.delay    0x0000000000000774       0x44 ./Sources/uart.o
                0x0000000000000774                delay
 .text.UART0_IRQHandler
                0x00000000000007b8       0x28 ./Sources/uart.o
                0x00000000000007b8                UART0_IRQHandler
 .text.SystemInit
                0x00000000000007e0       0x18 ./Project_Settings/Startup_Code/system_MKL25Z4.o
                0x00000000000007e0                SystemInit
 .text.exit     0x00000000000007f8       0x2c /Applications/KDS_v3.app/Contents/toolchain/bin/../lib/gcc/arm-none-eabi/4.8.4/../../../../arm-none-eabi/lib/armv6-m/libg_s.a(lib_a-exit.o)
                0x00000000000007f8                exit
 .text.__libc_init_array
                0x0000000000000824       0x4c /Applications/KDS_v3.app/Contents/toolchain/bin/../lib/gcc/arm-none-eabi/4.8.4/../../../../arm-none-eabi/lib/armv6-m/libg_s.a(lib_a-init.o)
                0x0000000000000824                __libc_init_array
 .text.memset   0x0000000000000870       0x10 /Applications/KDS_v3.app/Contents/toolchain/bin/../lib/gcc/arm-none-eabi/4.8.4/../../../../arm-none-eabi/lib/armv6-m/libg_s.a(lib_a-memset.o)
                0x0000000000000870                memset
 .text._exit    0x0000000000000880        0x4 /Applications/KDS_v3.app/Contents/toolchain/bin/../lib/gcc/arm-none-eabi/4.8.4/../../../../arm-none-eabi/lib/armv6-m/libnosys.a(_exit.o)
                0x0000000000000880                _exit
 *(.rodata)
 *(.rodata*)
 .rodata.turn_on_leds
                0x0000000000000884       0x20 ./Sources/led.o
 .rodata.str1.1
                0x00000000000008a4        0x2 /Applications/KDS_v3.app/Contents/toolchain/bin/../lib/gcc/arm-none-eabi/4.8.4/../../../../arm-none-eabi/lib/armv6-m/libg_s.a(lib_a-impure.o)
 *fill*         0x00000000000008a6        0x2 
 .rodata._global_impure_ptr
                0x00000000000008a8        0x4 /Applications/KDS_v3.app/Contents/toolchain/bin/../lib/gcc/arm-none-eabi/4.8.4/../../../../arm-none-eabi/lib/armv6-m/libg_s.a(lib_a-impure.o)
                0x00000000000008a8                _global_impure_ptr
 .rodata.__sf_fake_stdin
                0x00000000000008ac       0x20 /Applications/KDS_v3.app/Contents/toolchain/bin/../lib/gcc/arm-none-eabi/4.8.4/../../../../arm-none-eabi/lib/armv6-m/libg_s.a(lib_a-findfp.o)
                0x00000000000008ac                __sf_fake_stdin
 .rodata.__sf_fake_stdout
                0x00000000000008cc       0x20 /Applications/KDS_v3.app/Contents/toolchain/bin/../lib/gcc/arm-none-eabi/4.8.4/../../../../arm-none-eabi/lib/armv6-m/libg_s.a(lib_a-findfp.o)
                0x00000000000008cc                __sf_fake_stdout
 .rodata.__sf_fake_stderr
                0x00000000000008ec       0x20 /Applications/KDS_v3.app/Contents/toolchain/bin/../lib/gcc/arm-none-eabi/4.8.4/../../../../arm-none-eabi/lib/armv6-m/libg_s.a(lib_a-findfp.o)
                0x00000000000008ec                __sf_fake_stderr
 *(.glue_7)
 .glue_7        0x0000000000000000        0x0 linker stubs
 *(.glue_7t)
 .glue_7t       0x0000000000000000        0x0 linker stubs
 *(.eh_frame)
 .eh_frame      0x000000000000090c        0x0 /Applications/KDS_v3.app/Contents/toolchain/bin/../lib/gcc/arm-none-eabi/4.8.4/armv6-m/crtbegin.o
 *(.init)
 .init          0x000000000000090c        0x4 /Applications/KDS_v3.app/Contents/toolchain/bin/../lib/gcc/arm-none-eabi/4.8.4/armv6-m/crti.o
                0x000000000000090c                _init
 .init          0x0000000000000910        0x8 /Applications/KDS_v3.app/Contents/toolchain/bin/../lib/gcc/arm-none-eabi/4.8.4/armv6-m/crtn.o
 *(.fini)
 .fini          0x0000000000000918        0x4 /Applications/KDS_v3.app/Contents/toolchain/bin/../lib/gcc/arm-none-eabi/4.8.4/armv6-m/crti.o
                0x0000000000000918                _fini
 .fini          0x000000000000091c        0x8 /Applications/KDS_v3.app/Contents/toolchain/bin/../lib/gcc/arm-none-eabi/4.8.4/armv6-m/crtn.o
                0x0000000000000924                . = ALIGN (0x4)

.vfp11_veneer   0x0000000000000924        0x0
 .vfp11_veneer  0x0000000000000000        0x0 linker stubs

.v4_bx          0x0000000000000924        0x0
 .v4_bx         0x0000000000000000        0x0 linker stubs

.iplt           0x0000000000000924        0x0
 .iplt          0x0000000000000000        0x0 /Applications/KDS_v3.app/Contents/toolchain/bin/../lib/gcc/arm-none-eabi/4.8.4/armv6-m/crtbegin.o

.ARM.extab
 *(.ARM.extab* .gnu.linkonce.armextab.*)

.ARM            0x0000000000000924        0x8
                0x0000000000000924                __exidx_start = .
 *(.ARM.exidx*)
 .ARM.exidx     0x0000000000000924        0x8 /Applications/KDS_v3.app/Contents/toolchain/bin/../lib/gcc/arm-none-eabi/4.8.4/../../../../arm-none-eabi/lib/armv6-m/crt0.o
                0x000000000000092c                __exidx_end = .

.rel.dyn        0x000000000000092c        0x0
 .rel.iplt      0x0000000000000000        0x0 /Applications/KDS_v3.app/Contents/toolchain/bin/../lib/gcc/arm-none-eabi/4.8.4/armv6-m/crtbegin.o

.ctors          0x000000000000092c        0x0
                0x000000000000092c                __CTOR_LIST__ = .
 *crtbegin.o(.ctors)
 *crtbegin?.o(.ctors)
 *(EXCLUDE_FILE(*crtend.o *crtend?.o) .ctors)
 *(SORT(.ctors.*))
 *(.ctors)
                0x000000000000092c                __CTOR_END__ = .

.dtors          0x000000000000092c        0x0
                0x000000000000092c                __DTOR_LIST__ = .
 *crtbegin.o(.dtors)
 *crtbegin?.o(.dtors)
 *(EXCLUDE_FILE(*crtend.o *crtend?.o) .dtors)
 *(SORT(.dtors.*))
 *(.dtors)
                0x000000000000092c                __DTOR_END__ = .

.preinit_array  0x000000000000092c        0x0
                0x000000000000092c                PROVIDE (__preinit_array_start, .)
 *(.preinit_array*)
                0x000000000000092c                PROVIDE (__preinit_array_end, .)

.init_array     0x000000000000092c        0x4
                0x000000000000092c                PROVIDE (__init_array_start, .)
 *(SORT(.init_array.*))
 *(.init_array*)
 .init_array    0x000000000000092c        0x4 /Applications/KDS_v3.app/Contents/toolchain/bin/../lib/gcc/arm-none-eabi/4.8.4/armv6-m/crtbegin.o
                0x0000000000000930                PROVIDE (__init_array_end, .)

.fini_array     0x0000000000000930        0x4
                0x0000000000000930                PROVIDE (__fini_array_start, .)
 *(SORT(.fini_array.*))
 *(.fini_array*)
 .fini_array    0x0000000000000930        0x4 /Applications/KDS_v3.app/Contents/toolchain/bin/../lib/gcc/arm-none-eabi/4.8.4/armv6-m/crtbegin.o
                0x0000000000000934                PROVIDE (__fini_array_end, .)
                0x0000000000000934                __etext = .
                0x0000000000000934                __DATA_ROM = .

.mtb            0x000000001ffff000        0x0
                0x000000001ffff000                . = ALIGN (0x8)
                0x000000001ffff000                _mtb_start = .
 *(.mtb_buf)
                0x000000001ffff000                . = ALIGN (0x8)
                0x000000001ffff000                _mtb_end = .

.data           0x000000001ffff000       0x64 load address 0x0000000000000934
                0x000000001ffff000                . = ALIGN (0x4)
                0x000000001ffff000                __DATA_RAM = .
                0x000000001ffff000                __data_start__ = .
 *(.data)
 *(.data*)
 .data.impure_data
                0x000000001ffff000       0x60 /Applications/KDS_v3.app/Contents/toolchain/bin/../lib/gcc/arm-none-eabi/4.8.4/../../../../arm-none-eabi/lib/armv6-m/libg_s.a(lib_a-impure.o)
 *(.jcr*)
 .jcr           0x000000001ffff060        0x0 /Applications/KDS_v3.app/Contents/toolchain/bin/../lib/gcc/arm-none-eabi/4.8.4/armv6-m/crtbegin.o
 .jcr           0x000000001ffff060        0x4 /Applications/KDS_v3.app/Contents/toolchain/bin/../lib/gcc/arm-none-eabi/4.8.4/armv6-m/crtend.o
                0x000000001ffff064                . = ALIGN (0x4)
                0x000000001ffff064                __data_end__ = .
                0x0000000000000998                __DATA_END = (__DATA_ROM + (__data_end__ - __data_start__))

.igot.plt       0x000000001ffff064        0x0 load address 0x0000000000000998
 .igot.plt      0x0000000000000000        0x0 /Applications/KDS_v3.app/Contents/toolchain/bin/../lib/gcc/arm-none-eabi/4.8.4/armv6-m/crtbegin.o

.bss            0x000000001ffff064       0x1c load address 0x0000000000000998
                0x000000001ffff064                . = ALIGN (0x4)
                0x000000001ffff064                __START_BSS = .
                0x000000001ffff064                __bss_start__ = .
 *(.bss)
 .bss           0x000000001ffff064       0x1c /Applications/KDS_v3.app/Contents/toolchain/bin/../lib/gcc/arm-none-eabi/4.8.4/armv6-m/crtbegin.o
 *(.bss*)
 *(COMMON)
                0x000000001ffff080                . = ALIGN (0x4)
                0x000000001ffff080                __bss_end__ = .
                0x000000001ffff080                __END_BSS = .

.heap           0x000000001ffff080      0x400 load address 0x00000000000009b4
                0x000000001ffff080                . = ALIGN (0x8)
                0x000000001ffff080                __end__ = .
                0x000000001ffff080                PROVIDE (end, .)
                0x000000001ffff080                __HeapBase = .
                0x000000001ffff480                . = (. + HEAP_SIZE)
 *fill*         0x000000001ffff080      0x400 
                0x000000001ffff480                __HeapLimit = .

.stack          0x000000001ffff480      0x400 load address 0x0000000000000db4
                0x000000001ffff480                . = ALIGN (0x8)
                0x000000001ffff880                . = (. + STACK_SIZE)
 *fill*         0x000000001ffff480      0x400 
                0x0000000020003000                __StackTop = (ORIGIN (m_data) + 0x4000)
                0x0000000020002c00                __StackLimit = (__StackTop - STACK_SIZE)
                0x0000000020003000                PROVIDE (__stack, __StackTop)

.ARM.attributes
                0x0000000000000000       0x28
 *(.ARM.attributes)
 .ARM.attributes
                0x0000000000000000       0x1e /Applications/KDS_v3.app/Contents/toolchain/bin/../lib/gcc/arm-none-eabi/4.8.4/armv6-m/crti.o
 .ARM.attributes
                0x000000000000001e       0x2c /Applications/KDS_v3.app/Contents/toolchain/bin/../lib/gcc/arm-none-eabi/4.8.4/armv6-m/crtbegin.o
 .ARM.attributes
                0x000000000000004a       0x1b /Applications/KDS_v3.app/Contents/toolchain/bin/../lib/gcc/arm-none-eabi/4.8.4/../../../../arm-none-eabi/lib/armv6-m/crt0.o
 .ARM.attributes
                0x0000000000000065       0x32 ./Sources/led.o
 .ARM.attributes
                0x0000000000000097       0x32 ./Sources/main.o
 .ARM.attributes
                0x00000000000000c9       0x32 ./Sources/uart.o
 .ARM.attributes
                0x00000000000000fb       0x1b ./Project_Settings/Startup_Code/startup_MKL25Z4.o
 .ARM.attributes
                0x0000000000000116       0x32 ./Project_Settings/Startup_Code/system_MKL25Z4.o
 .ARM.attributes
                0x0000000000000148       0x2c /Applications/KDS_v3.app/Contents/toolchain/bin/../lib/gcc/arm-none-eabi/4.8.4/../../../../arm-none-eabi/lib/armv6-m/libg_s.a(lib_a-exit.o)
 .ARM.attributes
                0x0000000000000174       0x2c /Applications/KDS_v3.app/Contents/toolchain/bin/../lib/gcc/arm-none-eabi/4.8.4/../../../../arm-none-eabi/lib/armv6-m/libg_s.a(lib_a-impure.o)
 .ARM.attributes
                0x00000000000001a0       0x2c /Applications/KDS_v3.app/Contents/toolchain/bin/../lib/gcc/arm-none-eabi/4.8.4/../../../../arm-none-eabi/lib/armv6-m/libg_s.a(lib_a-init.o)
 .ARM.attributes
                0x00000000000001cc       0x2c /Applications/KDS_v3.app/Contents/toolchain/bin/../lib/gcc/arm-none-eabi/4.8.4/../../../../arm-none-eabi/lib/armv6-m/libg_s.a(lib_a-memset.o)
 .ARM.attributes
                0x00000000000001f8       0x2c /Applications/KDS_v3.app/Contents/toolchain/bin/../lib/gcc/arm-none-eabi/4.8.4/../../../../arm-none-eabi/lib/armv6-m/libg_s.a(lib_a-findfp.o)
 .ARM.attributes
                0x0000000000000224       0x2c /Applications/KDS_v3.app/Contents/toolchain/bin/../lib/gcc/arm-none-eabi/4.8.4/../../../../arm-none-eabi/lib/armv6-m/libnosys.a(_exit.o)
 .ARM.attributes
                0x0000000000000250       0x2c /Applications/KDS_v3.app/Contents/toolchain/bin/../lib/gcc/arm-none-eabi/4.8.4/armv6-m/crtend.o
 .ARM.attributes
                0x000000000000027c       0x1e /Applications/KDS_v3.app/Contents/toolchain/bin/../lib/gcc/arm-none-eabi/4.8.4/armv6-m/crtn.o
                0x0000000000000001                ASSERT ((__StackLimit >= __HeapLimit), region m_data overflowed with stack and heap)
OUTPUT(UART.elf elf32-littlearm)

.debug_info     0x0000000000000000      0xf34
 .debug_info    0x0000000000000000      0x3ae ./Sources/led.o
 .debug_info    0x00000000000003ae      0x1a4 ./Sources/main.o
 .debug_info    0x0000000000000552      0x560 ./Sources/uart.o
 .debug_info    0x0000000000000ab2       0x95 ./Project_Settings/Startup_Code/startup_MKL25Z4.o
 .debug_info    0x0000000000000b47      0x3ed ./Project_Settings/Startup_Code/system_MKL25Z4.o

.debug_abbrev   0x0000000000000000      0x3d6
 .debug_abbrev  0x0000000000000000       0xf4 ./Sources/led.o
 .debug_abbrev  0x00000000000000f4       0xb1 ./Sources/main.o
 .debug_abbrev  0x00000000000001a5      0x114 ./Sources/uart.o
 .debug_abbrev  0x00000000000002b9       0x14 ./Project_Settings/Startup_Code/startup_MKL25Z4.o
 .debug_abbrev  0x00000000000002cd      0x109 ./Project_Settings/Startup_Code/system_MKL25Z4.o

.debug_aranges  0x0000000000000000       0xf0
 .debug_aranges
                0x0000000000000000       0x30 ./Sources/led.o
 .debug_aranges
                0x0000000000000030       0x20 ./Sources/main.o
 .debug_aranges
                0x0000000000000050       0x58 ./Sources/uart.o
 .debug_aranges
                0x00000000000000a8       0x20 ./Project_Settings/Startup_Code/startup_MKL25Z4.o
 .debug_aranges
                0x00000000000000c8       0x28 ./Project_Settings/Startup_Code/system_MKL25Z4.o

.debug_ranges   0x0000000000000000       0x90
 .debug_ranges  0x0000000000000000       0x20 ./Sources/led.o
 .debug_ranges  0x0000000000000020       0x10 ./Sources/main.o
 .debug_ranges  0x0000000000000030       0x48 ./Sources/uart.o
 .debug_ranges  0x0000000000000078       0x18 ./Project_Settings/Startup_Code/system_MKL25Z4.o

.debug_macro    0x0000000000000000     0x8b4b
 .debug_macro   0x0000000000000000       0x86 ./Sources/led.o
 .debug_macro   0x0000000000000086       0x4c ./Sources/led.o
 .debug_macro   0x00000000000000d2       0x3a ./Sources/led.o
 .debug_macro   0x000000000000010c       0x26 ./Sources/led.o
 .debug_macro   0x0000000000000132      0x306 ./Sources/led.o
 .debug_macro   0x0000000000000438       0x63 ./Sources/led.o
 .debug_macro   0x000000000000049b     0x839f ./Sources/led.o
 .debug_macro   0x000000000000883a      0x20c ./Sources/main.o
 .debug_macro   0x0000000000008a46       0x87 ./Sources/uart.o
 .debug_macro   0x0000000000008acd       0x7e ./Project_Settings/Startup_Code/system_MKL25Z4.o

.debug_line     0x0000000000000000      0xbb4
 .debug_line    0x0000000000000000      0x259 ./Sources/led.o
 .debug_line    0x0000000000000259      0x3b3 ./Sources/main.o
 .debug_line    0x000000000000060c      0x2b5 ./Sources/uart.o
 .debug_line    0x00000000000008c1       0x7b ./Project_Settings/Startup_Code/startup_MKL25Z4.o
 .debug_line    0x000000000000093c      0x278 ./Project_Settings/Startup_Code/system_MKL25Z4.o

.debug_str      0x0000000000000000    0x34bc8
 .debug_str     0x0000000000000000    0x31af4 ./Sources/led.o
                                      0x31ef9 (size before relaxing)
 .debug_str     0x0000000000031af4     0x2f5d ./Sources/main.o
                                      0x34d7c (size before relaxing)
 .debug_str     0x0000000000034a51       0xe0 ./Sources/uart.o
                                      0x31f79 (size before relaxing)
 .debug_str     0x0000000000034b31       0x97 ./Project_Settings/Startup_Code/system_MKL25Z4.o
                                      0x31f13 (size before relaxing)

.comment        0x0000000000000000       0x70
 .comment       0x0000000000000000       0x70 ./Sources/led.o
                                         0x71 (size before relaxing)
 .comment       0x0000000000000000       0x71 ./Sources/main.o
 .comment       0x0000000000000000       0x71 ./Sources/uart.o
 .comment       0x0000000000000000       0x71 ./Project_Settings/Startup_Code/system_MKL25Z4.o

.debug_frame    0x0000000000000000      0x3b4
 .debug_frame   0x0000000000000000       0x68 ./Sources/led.o
 .debug_frame   0x0000000000000068       0x30 ./Sources/main.o
 .debug_frame   0x0000000000000098       0xf4 ./Sources/uart.o
 .debug_frame   0x000000000000018c       0x4c ./Project_Settings/Startup_Code/system_MKL25Z4.o
 .debug_frame   0x00000000000001d8       0x28 /Applications/KDS_v3.app/Contents/toolchain/bin/../lib/gcc/arm-none-eabi/4.8.4/../../../../arm-none-eabi/lib/armv6-m/libg_s.a(lib_a-exit.o)
 .debug_frame   0x0000000000000200       0x2c /Applications/KDS_v3.app/Contents/toolchain/bin/../lib/gcc/arm-none-eabi/4.8.4/../../../../arm-none-eabi/lib/armv6-m/libg_s.a(lib_a-init.o)
 .debug_frame   0x000000000000022c       0x20 /Applications/KDS_v3.app/Contents/toolchain/bin/../lib/gcc/arm-none-eabi/4.8.4/../../../../arm-none-eabi/lib/armv6-m/libg_s.a(lib_a-memset.o)
 .debug_frame   0x000000000000024c      0x148 /Applications/KDS_v3.app/Contents/toolchain/bin/../lib/gcc/arm-none-eabi/4.8.4/../../../../arm-none-eabi/lib/armv6-m/libg_s.a(lib_a-findfp.o)
 .debug_frame   0x0000000000000394       0x20 /Applications/KDS_v3.app/Contents/toolchain/bin/../lib/gcc/arm-none-eabi/4.8.4/../../../../arm-none-eabi/lib/armv6-m/libnosys.a(_exit.o)

.stabstr        0x0000000000000000      0x14d
 .stabstr       0x0000000000000000      0x14d /Applications/KDS_v3.app/Contents/toolchain/bin/../lib/gcc/arm-none-eabi/4.8.4/../../../../arm-none-eabi/lib/armv6-m/libnosys.a(close.o)
