Archive member included because of file (symbol)

/Applications/KDS_v3.app/Contents/toolchain/bin/../lib/gcc/arm-none-eabi/4.8.4/../../../../arm-none-eabi/lib/armv6-m/libm.a(lib_a-w_pow.o)
                              ./Sources/ftoa.o (pow)
/Applications/KDS_v3.app/Contents/toolchain/bin/../lib/gcc/arm-none-eabi/4.8.4/../../../../arm-none-eabi/lib/armv6-m/libm.a(lib_a-e_pow.o)
                              /Applications/KDS_v3.app/Contents/toolchain/bin/../lib/gcc/arm-none-eabi/4.8.4/../../../../arm-none-eabi/lib/armv6-m/libm.a(lib_a-w_pow.o) (__ieee754_pow)
/Applications/KDS_v3.app/Contents/toolchain/bin/../lib/gcc/arm-none-eabi/4.8.4/../../../../arm-none-eabi/lib/armv6-m/libm.a(lib_a-e_sqrt.o)
                              /Applications/KDS_v3.app/Contents/toolchain/bin/../lib/gcc/arm-none-eabi/4.8.4/../../../../arm-none-eabi/lib/armv6-m/libm.a(lib_a-e_pow.o) (__ieee754_sqrt)
/Applications/KDS_v3.app/Contents/toolchain/bin/../lib/gcc/arm-none-eabi/4.8.4/../../../../arm-none-eabi/lib/armv6-m/libm.a(lib_a-s_fabs.o)
                              /Applications/KDS_v3.app/Contents/toolchain/bin/../lib/gcc/arm-none-eabi/4.8.4/../../../../arm-none-eabi/lib/armv6-m/libm.a(lib_a-e_pow.o) (fabs)
/Applications/KDS_v3.app/Contents/toolchain/bin/../lib/gcc/arm-none-eabi/4.8.4/../../../../arm-none-eabi/lib/armv6-m/libm.a(lib_a-s_finite.o)
                              /Applications/KDS_v3.app/Contents/toolchain/bin/../lib/gcc/arm-none-eabi/4.8.4/../../../../arm-none-eabi/lib/armv6-m/libm.a(lib_a-w_pow.o) (finite)
/Applications/KDS_v3.app/Contents/toolchain/bin/../lib/gcc/arm-none-eabi/4.8.4/../../../../arm-none-eabi/lib/armv6-m/libm.a(lib_a-s_fpclassify.o)
                              /Applications/KDS_v3.app/Contents/toolchain/bin/../lib/gcc/arm-none-eabi/4.8.4/../../../../arm-none-eabi/lib/armv6-m/libm.a(lib_a-w_pow.o) (__fpclassifyd)
/Applications/KDS_v3.app/Contents/toolchain/bin/../lib/gcc/arm-none-eabi/4.8.4/../../../../arm-none-eabi/lib/armv6-m/libm.a(lib_a-s_lib_ver.o)
                              /Applications/KDS_v3.app/Contents/toolchain/bin/../lib/gcc/arm-none-eabi/4.8.4/../../../../arm-none-eabi/lib/armv6-m/libm.a(lib_a-w_pow.o) (__fdlib_version)
/Applications/KDS_v3.app/Contents/toolchain/bin/../lib/gcc/arm-none-eabi/4.8.4/../../../../arm-none-eabi/lib/armv6-m/libm.a(lib_a-s_matherr.o)
                              /Applications/KDS_v3.app/Contents/toolchain/bin/../lib/gcc/arm-none-eabi/4.8.4/../../../../arm-none-eabi/lib/armv6-m/libm.a(lib_a-w_pow.o) (matherr)
/Applications/KDS_v3.app/Contents/toolchain/bin/../lib/gcc/arm-none-eabi/4.8.4/../../../../arm-none-eabi/lib/armv6-m/libm.a(lib_a-s_nan.o)
                              /Applications/KDS_v3.app/Contents/toolchain/bin/../lib/gcc/arm-none-eabi/4.8.4/../../../../arm-none-eabi/lib/armv6-m/libm.a(lib_a-e_pow.o) (nan)
/Applications/KDS_v3.app/Contents/toolchain/bin/../lib/gcc/arm-none-eabi/4.8.4/../../../../arm-none-eabi/lib/armv6-m/libm.a(lib_a-s_rint.o)
                              /Applications/KDS_v3.app/Contents/toolchain/bin/../lib/gcc/arm-none-eabi/4.8.4/../../../../arm-none-eabi/lib/armv6-m/libm.a(lib_a-w_pow.o) (rint)
/Applications/KDS_v3.app/Contents/toolchain/bin/../lib/gcc/arm-none-eabi/4.8.4/../../../../arm-none-eabi/lib/armv6-m/libm.a(lib_a-s_scalbn.o)
                              /Applications/KDS_v3.app/Contents/toolchain/bin/../lib/gcc/arm-none-eabi/4.8.4/../../../../arm-none-eabi/lib/armv6-m/libm.a(lib_a-e_pow.o) (scalbn)
/Applications/KDS_v3.app/Contents/toolchain/bin/../lib/gcc/arm-none-eabi/4.8.4/../../../../arm-none-eabi/lib/armv6-m/libm.a(lib_a-s_copysign.o)
                              /Applications/KDS_v3.app/Contents/toolchain/bin/../lib/gcc/arm-none-eabi/4.8.4/../../../../arm-none-eabi/lib/armv6-m/libm.a(lib_a-s_scalbn.o) (copysign)
/Applications/KDS_v3.app/Contents/toolchain/bin/../lib/gcc/arm-none-eabi/4.8.4/armv6-m/libgcc.a(_udivsi3.o)
                              ./Sources/log.o (__aeabi_uidiv)
/Applications/KDS_v3.app/Contents/toolchain/bin/../lib/gcc/arm-none-eabi/4.8.4/armv6-m/libgcc.a(_divsi3.o)
                              ./Sources/ftoa.o (__aeabi_idiv)
/Applications/KDS_v3.app/Contents/toolchain/bin/../lib/gcc/arm-none-eabi/4.8.4/armv6-m/libgcc.a(_dvmd_tls.o)
                              /Applications/KDS_v3.app/Contents/toolchain/bin/../lib/gcc/arm-none-eabi/4.8.4/armv6-m/libgcc.a(_udivsi3.o) (__aeabi_idiv0)
/Applications/KDS_v3.app/Contents/toolchain/bin/../lib/gcc/arm-none-eabi/4.8.4/armv6-m/libgcc.a(_arm_cmpdf2.o)
                              /Applications/KDS_v3.app/Contents/toolchain/bin/../lib/gcc/arm-none-eabi/4.8.4/../../../../arm-none-eabi/lib/armv6-m/libm.a(lib_a-w_pow.o) (__aeabi_dcmpeq)
/Applications/KDS_v3.app/Contents/toolchain/bin/../lib/gcc/arm-none-eabi/4.8.4/armv6-m/libgcc.a(subsf3.o)
                              ./Sources/ftoa.o (__aeabi_fsub)
/Applications/KDS_v3.app/Contents/toolchain/bin/../lib/gcc/arm-none-eabi/4.8.4/armv6-m/libgcc.a(fixsfsi.o)
[...]
Memory Configuration

Name             Origin             Length             Attributes
m_interrupts     0x0000000000000000 0x0000000000000100 xr
m_flash_config   0x0000000000000400 0x0000000000000010 xr
m_text           0x0000000000000410 0x000000000001fbf0 xr
m_data           0x000000001ffff000 0x0000000000004000 rw
*default*        0x0000000000000000 0xffffffffffffffff

Linker script and memory map

LOAD /Applications/KDS_v3.app/Contents/toolchain/bin/../lib/gcc/arm-none-eabi/4.8.4/armv6-m/crti.o
LOAD /Applications/KDS_v3.app/Contents/toolchain/bin/../lib/gcc/arm-none-eabi/4.8.4/armv6-m/crtbegin.o
LOAD /Applications/KDS_v3.app/Contents/toolchain/bin/../lib/gcc/arm-none-eabi/4.8.4/../../../../arm-none-eabi/lib/armv6-m/crt0.o
LOAD ./Sources/dma.o
LOAD ./Sources/error_handling.o
LOAD ./Sources/ftoa.o
LOAD ./Sources/log.o
LOAD ./Sources/main.o
LOAD ./Sources/memory.o
LOAD ./Sources/timer.o
LOAD ./Sources/uart.o
LOAD ./Project_Settings/Startup_Code/startup_MKL25Z4.o
LOAD ./Project_Settings/Startup_Code/system_MKL25Z4.o
LOAD /Applications/KDS_v3.app/Contents/toolchain/bin/../lib/gcc/arm-none-eabi/4.8.4/../../../../arm-none-eabi/lib/armv6-m/libstdc++_s.a
LOAD /Applications/KDS_v3.app/Contents/toolchain/bin/../lib/gcc/arm-none-eabi/4.8.4/../../../../arm-none-eabi/lib/armv6-m/libm.a
START GROUP
LOAD /Applications/KDS_v3.app/Contents/toolchain/bin/../lib/gcc/arm-none-eabi/4.8.4/armv6-m/libgcc.a
LOAD /Applications/KDS_v3.app/Contents/toolchain/bin/../lib/gcc/arm-none-eabi/4.8.4/../../../../arm-none-eabi/lib/armv6-m/libg_s.a
LOAD /Applications/KDS_v3.app/Contents/toolchain/bin/../lib/gcc/arm-none-eabi/4.8.4/../../../../arm-none-eabi/lib/armv6-m/libc_s.a
END GROUP
START GROUP
LOAD /Applications/KDS_v3.app/Contents/toolchain/bin/../lib/gcc/arm-none-eabi/4.8.4/armv6-m/libgcc.a
LOAD /Applications/KDS_v3.app/Contents/toolchain/bin/../lib/gcc/arm-none-eabi/4.8.4/../../../../arm-none-eabi/lib/armv6-m/libc_s.a
LOAD /Applications/KDS_v3.app/Contents/toolchain/bin/../lib/gcc/arm-none-eabi/4.8.4/../../../../arm-none-eabi/lib/armv6-m/libnosys.a
END GROUP
START GROUP
LOAD /Applications/KDS_v3.app/Contents/toolchain/bin/../lib/gcc/arm-none-eabi/4.8.4/armv6-m/libgcc.a
LOAD /Applications/KDS_v3.app/Contents/toolchain/bin/../lib/gcc/arm-none-eabi/4.8.4/../../../../arm-none-eabi/lib/armv6-m/libc_s.a
LOAD /Applications/KDS_v3.app/Contents/toolchain/bin/../lib/gcc/arm-none-eabi/4.8.4/../../../../arm-none-eabi/lib/armv6-m/libnosys.a
END GROUP
LOAD /Applications/KDS_v3.app/Contents/toolchain/bin/../lib/gcc/arm-none-eabi/4.8.4/armv6-m/crtend.o
LOAD /Applications/KDS_v3.app/Contents/toolchain/bin/../lib/gcc/arm-none-eabi/4.8.4/armv6-m/crtn.o
                0x0000000000000400                HEAP_SIZE = DEFINED (__heap_size__)?__heap_size__:0x400
                0x0000000000000400                STACK_SIZE = DEFINED (__stack_size__)?__stack_size__:0x400

.interrupts     0x0000000000000000       0xc0
                0x0000000000000000                __VECTOR_TABLE = .
                0x0000000000000000                . = ALIGN (0x4)
 *(.isr_vector)
 .isr_vector    0x0000000000000000       0xc0 ./Project_Settings/Startup_Code/startup_MKL25Z4.o
                0x0000000000000000                __isr_vector
                0x00000000000000c0                . = ALIGN (0x4)

.flash_config   0x0000000000000400       0x10
                0x0000000000000400                . = ALIGN (0x4)
 *(.FlashConfig)
 .FlashConfig   0x0000000000000400       0x10 ./Project_Settings/Startup_Code/startup_MKL25Z4.o
                0x0000000000000410                . = ALIGN (0x4)

.text           0x0000000000000410      0x450
                0x0000000000000410                . = ALIGN (0x4)
 *(.text)
 .text          0x0000000000000410       0x60 /Applications/KDS_v3.app/Contents/toolchain/bin/../lib/gcc/arm-none-eabi/4.8.4/armv6-m/crtbegin.o
 .text          0x0000000000000470       0x78 /Applications/KDS_v3.app/Contents/toolchain/bin/../lib/gcc/arm-none-eabi/4.8.4/../../../../arm-none-eabi/lib/armv6-m/crt0.o
                0x0000000000000470                _mainCRTStartup
                0x0000000000000470                _start
 .text          0x00000000000004e8       0x34 ./Project_Settings/Startup_Code/startup_MKL25Z4.o
                0x00000000000004e8                Reset_Handler
                0x0000000000000514                HardFault_Handler
                0x0000000000000514                SysTick_Handler
                0x0000000000000514                PendSV_Handler
                0x0000000000000514                NMI_Handler
                0x0000000000000514                I2C1_IRQHandler
                0x0000000000000514                UART1_IRQHandler
                0x0000000000000514                DMA2_IRQHandler
                0x0000000000000514                TPM0_IRQHandler
                0x0000000000000514                LLWU_IRQHandler
                0x0000000000000514                TSI0_IRQHandler
                0x0000000000000514                ADC0_IRQHandler
                0x0000000000000514                Reserved39_IRQHandler
                0x0000000000000514                SPI1_IRQHandler
                0x0000000000000514                DefaultISR
                0x0000000000000514                PORTD_IRQHandler
                0x0000000000000514                TPM2_IRQHandler
                0x0000000000000514                RTC_IRQHandler
                0x0000000000000514                RTC_Seconds_IRQHandler
                0x0000000000000514                MCG_IRQHandler
                0x0000000000000514                UART2_IRQHandler
                0x0000000000000514                Reserved20_IRQHandler
                0x0000000000000514                USB0_IRQHandler
                0x0000000000000514                PIT_IRQHandler
                0x0000000000000514                SVC_Handler
                0x0000000000000514                DMA3_IRQHandler
                0x0000000000000514                DMA0_IRQHandler
                0x0000000000000514                DAC0_IRQHandler
                0x0000000000000514                Reserved45_IRQHandler
                0x0000000000000514                TPM1_IRQHandler
                0x0000000000000514                LVD_LVW_IRQHandler
                0x0000000000000514                SPI0_IRQHandler
                0x0000000000000514                PORTA_IRQHandler
                0x0000000000000514                FTFA_IRQHandler
                0x0000000000000514                LPTMR0_IRQHandler
                0x0000000000000514                CMP0_IRQHandler
                0x0000000000000514                I2C0_IRQHandler
                0x0000000000000514                DMA1_IRQHandler
 *(.text*)
 .text.my_memmove_dma
                0x000000000000051c       0xc4 ./Sources/dma.o
                0x000000000000051c                my_memmove_dma
 .text.start_dma_transfer
                0x00000000000005e0       0x34 ./Sources/dma.o
                0x00000000000005e0                start_dma_transfer
 .text.check_dma_errors
                0x0000000000000614       0x4c ./Sources/dma.o
                0x0000000000000614                check_dma_errors
 .text.config_word_length
                0x0000000000000660       0x40 ./Sources/dma.o
                0x0000000000000660                config_word_length
 .text.config_one_byte_length
                0x00000000000006a0       0x54 ./Sources/dma.o
                0x00000000000006a0                config_one_byte_length
 .text.UART0_IRQHandler
                0x00000000000006f4       0x1c ./Sources/main.o
                0x00000000000006f4                UART0_IRQHandler
 .text.main     0x0000000000000710       0x60 ./Sources/main.o
                0x0000000000000710                main
 .text.SystemInit
                0x0000000000000770       0x18 ./Project_Settings/Startup_Code/system_MKL25Z4.o
                0x0000000000000770                SystemInit
 .text.exit     0x0000000000000788       0x2c /Applications/KDS_v3.app/Contents/toolchain/bin/../lib/gcc/arm-none-eabi/4.8.4/../../../../arm-none-eabi/lib/armv6-m/libg_s.a(lib_a-exit.o)
                0x0000000000000788                exit
 .text.__libc_init_array
                0x00000000000007b4       0x4c /Applications/KDS_v3.app/Contents/toolchain/bin/../lib/gcc/arm-none-eabi/4.8.4/../../../../arm-none-eabi/lib/armv6-m/libg_s.a(lib_a-init.o)
                0x00000000000007b4                __libc_init_array
 .text.memcpy   0x0000000000000800       0x12 /Applications/KDS_v3.app/Contents/toolchain/bin/../lib/gcc/arm-none-eabi/4.8.4/../../../../arm-none-eabi/lib/armv6-m/libg_s.a(lib_a-memcpy-stub.o)
                0x0000000000000800                memcpy
 .text.memset   0x0000000000000812       0x10 /Applications/KDS_v3.app/Contents/toolchain/bin/../lib/gcc/arm-none-eabi/4.8.4/../../../../arm-none-eabi/lib/armv6-m/libg_s.a(lib_a-memset.o)
                0x0000000000000812                memset
 *fill*         0x0000000000000822        0x2 
 .text._exit    0x0000000000000824        0x4 /Applications/KDS_v3.app/Contents/toolchain/bin/../lib/gcc/arm-none-eabi/4.8.4/../../../../arm-none-eabi/lib/armv6-m/libnosys.a(_exit.o)
                0x0000000000000824                _exit
 *(.rodata)
 .rodata        0x0000000000000828       0x18 ./Sources/main.o
 *(.rodata*)
 .rodata.str1.1
                0x0000000000000840        0x2 /Applications/KDS_v3.app/Contents/toolchain/bin/../lib/gcc/arm-none-eabi/4.8.4/../../../../arm-none-eabi/lib/armv6-m/libg_s.a(lib_a-impure.o)
 *fill*         0x0000000000000842        0x2 
 .rodata._global_impure_ptr
                0x0000000000000844        0x4 /Applications/KDS_v3.app/Contents/toolchain/bin/../lib/gcc/arm-none-eabi/4.8.4/../../../../arm-none-eabi/lib/armv6-m/libg_s.a(lib_a-impure.o)
                0x0000000000000844                _global_impure_ptr
 *(.glue_7)
 .glue_7        0x0000000000000000        0x0 linker stubs
 *(.glue_7t)
 .glue_7t       0x0000000000000000        0x0 linker stubs
 *(.eh_frame)
 .eh_frame      0x0000000000000848        0x0 /Applications/KDS_v3.app/Contents/toolchain/bin/../lib/gcc/arm-none-eabi/4.8.4/armv6-m/crtbegin.o
 *(.init)
 .init          0x0000000000000848        0x4 /Applications/KDS_v3.app/Contents/toolchain/bin/../lib/gcc/arm-none-eabi/4.8.4/armv6-m/crti.o
                0x0000000000000848                _init
 .init          0x000000000000084c        0x8 /Applications/KDS_v3.app/Contents/toolchain/bin/../lib/gcc/arm-none-eabi/4.8.4/armv6-m/crtn.o
 *(.fini)
 .fini          0x0000000000000854        0x4 /Applications/KDS_v3.app/Contents/toolchain/bin/../lib/gcc/arm-none-eabi/4.8.4/armv6-m/crti.o
                0x0000000000000854                _fini
 .fini          0x0000000000000858        0x8 /Applications/KDS_v3.app/Contents/toolchain/bin/../lib/gcc/arm-none-eabi/4.8.4/armv6-m/crtn.o
                0x0000000000000860                . = ALIGN (0x4)

.vfp11_veneer   0x0000000000000860        0x0
 .vfp11_veneer  0x0000000000000000        0x0 linker stubs

.v4_bx          0x0000000000000860        0x0
 .v4_bx         0x0000000000000000        0x0 linker stubs

.iplt           0x0000000000000860        0x0
 .iplt          0x0000000000000000        0x0 /Applications/KDS_v3.app/Contents/toolchain/bin/../lib/gcc/arm-none-eabi/4.8.4/armv6-m/crtbegin.o

.ARM.extab
 *(.ARM.extab* .gnu.linkonce.armextab.*)

.ARM            0x0000000000000860        0x8
                0x0000000000000860                __exidx_start = .
 *(.ARM.exidx*)
 .ARM.exidx     0x0000000000000860        0x8 /Applications/KDS_v3.app/Contents/toolchain/bin/../lib/gcc/arm-none-eabi/4.8.4/../../../../arm-none-eabi/lib/armv6-m/crt0.o
                0x0000000000000868                __exidx_end = .

.rel.dyn        0x0000000000000868        0x0
 .rel.iplt      0x0000000000000000        0x0 /Applications/KDS_v3.app/Contents/toolchain/bin/../lib/gcc/arm-none-eabi/4.8.4/armv6-m/crtbegin.o

.ctors          0x0000000000000868        0x0
                0x0000000000000868                __CTOR_LIST__ = .
 *crtbegin.o(.ctors)
 *crtbegin?.o(.ctors)
 *(EXCLUDE_FILE(*crtend.o *crtend?.o) .ctors)
 *(SORT(.ctors.*))
 *(.ctors)
                0x0000000000000868                __CTOR_END__ = .

.dtors          0x0000000000000868        0x0
                0x0000000000000868                __DTOR_LIST__ = .
 *crtbegin.o(.dtors)
 *crtbegin?.o(.dtors)
 *(EXCLUDE_FILE(*crtend.o *crtend?.o) .dtors)
 *(SORT(.dtors.*))
 *(.dtors)
                0x0000000000000868                __DTOR_END__ = .

.preinit_array  0x0000000000000868        0x0
                0x0000000000000868                PROVIDE (__preinit_array_start, .)
 *(.preinit_array*)
                0x0000000000000868                PROVIDE (__preinit_array_end, .)

.init_array     0x0000000000000868        0x4
                0x0000000000000868                PROVIDE (__init_array_start, .)
 *(SORT(.init_array.*))
 *(.init_array*)
 .init_array    0x0000000000000868        0x4 /Applications/KDS_v3.app/Contents/toolchain/bin/../lib/gcc/arm-none-eabi/4.8.4/armv6-m/crtbegin.o
                0x000000000000086c                PROVIDE (__init_array_end, .)

.fini_array     0x000000000000086c        0x4
                0x000000000000086c                PROVIDE (__fini_array_start, .)
 *(SORT(.fini_array.*))
 *(.fini_array*)
 .fini_array    0x000000000000086c        0x4 /Applications/KDS_v3.app/Contents/toolchain/bin/../lib/gcc/arm-none-eabi/4.8.4/armv6-m/crtbegin.o
                0x0000000000000870                PROVIDE (__fini_array_end, .)
                0x0000000000000870                __etext = .
                0x0000000000000870                __DATA_ROM = .

.mtb            0x000000001ffff000        0x0
                0x000000001ffff000                . = ALIGN (0x8)
                0x000000001ffff000                _mtb_start = .
 *(.mtb_buf)
                0x000000001ffff000                . = ALIGN (0x8)
                0x000000001ffff000                _mtb_end = .

.data           0x000000001ffff000       0x64 load address 0x0000000000000870
                0x000000001ffff000                . = ALIGN (0x4)
                0x000000001ffff000                __DATA_RAM = .
                0x000000001ffff000                __data_start__ = .
 *(.data)
 *(.data*)
 .data.impure_data
                0x000000001ffff000       0x60 /Applications/KDS_v3.app/Contents/toolchain/bin/../lib/gcc/arm-none-eabi/4.8.4/../../../../arm-none-eabi/lib/armv6-m/libg_s.a(lib_a-impure.o)
 *(.jcr*)
 .jcr           0x000000001ffff060        0x0 /Applications/KDS_v3.app/Contents/toolchain/bin/../lib/gcc/arm-none-eabi/4.8.4/armv6-m/crtbegin.o
 .jcr           0x000000001ffff060        0x4 /Applications/KDS_v3.app/Contents/toolchain/bin/../lib/gcc/arm-none-eabi/4.8.4/armv6-m/crtend.o
                0x000000001ffff064                . = ALIGN (0x4)
                0x000000001ffff064                __data_end__ = .
                0x00000000000008d4                __DATA_END = (__DATA_ROM + (__data_end__ - __data_start__))

.igot.plt       0x000000001ffff064        0x0 load address 0x00000000000008d4
 .igot.plt      0x0000000000000000        0x0 /Applications/KDS_v3.app/Contents/toolchain/bin/../lib/gcc/arm-none-eabi/4.8.4/armv6-m/crtbegin.o

.bss            0x000000001ffff064       0x1c load address 0x00000000000008d4
                0x000000001ffff064                . = ALIGN (0x4)
                0x000000001ffff064                __START_BSS = .
                0x000000001ffff064                __bss_start__ = .
 *(.bss)
 .bss           0x000000001ffff064       0x1c /Applications/KDS_v3.app/Contents/toolchain/bin/../lib/gcc/arm-none-eabi/4.8.4/armv6-m/crtbegin.o
 *(.bss*)
 *(COMMON)
                0x000000001ffff080                . = ALIGN (0x4)
                0x000000001ffff080                __bss_end__ = .
                0x000000001ffff080                __END_BSS = .

.heap           0x000000001ffff080      0x400 load address 0x00000000000008f0
                0x000000001ffff080                . = ALIGN (0x8)
                0x000000001ffff080                __end__ = .
                0x000000001ffff080                PROVIDE (end, .)
                0x000000001ffff080                __HeapBase = .
                0x000000001ffff480                . = (. + HEAP_SIZE)
 *fill*         0x000000001ffff080      0x400 
                0x000000001ffff480                __HeapLimit = .

.stack          0x000000001ffff480      0x400 load address 0x0000000000000cf0
                0x000000001ffff480                . = ALIGN (0x8)
                0x000000001ffff880                . = (. + STACK_SIZE)
 *fill*         0x000000001ffff480      0x400 
                0x0000000020003000                __StackTop = (ORIGIN (m_data) + 0x4000)
                0x0000000020002c00                __StackLimit = (__StackTop - STACK_SIZE)
                0x0000000020003000                PROVIDE (__stack, __StackTop)

.ARM.attributes
                0x0000000000000000       0x28
 *(.ARM.attributes)
 .ARM.attributes
                0x0000000000000000       0x1e /Applications/KDS_v3.app/Contents/toolchain/bin/../lib/gcc/arm-none-eabi/4.8.4/armv6-m/crti.o
 .ARM.attributes
                0x000000000000001e       0x2c /Applications/KDS_v3.app/Contents/toolchain/bin/../lib/gcc/arm-none-eabi/4.8.4/armv6-m/crtbegin.o
 .ARM.attributes
                0x000000000000004a       0x1b /Applications/KDS_v3.app/Contents/toolchain/bin/../lib/gcc/arm-none-eabi/4.8.4/../../../../arm-none-eabi/lib/armv6-m/crt0.o
 .ARM.attributes
                0x0000000000000065       0x32 ./Sources/dma.o
 .ARM.attributes
                0x0000000000000097       0x32 ./Sources/main.o
 .ARM.attributes
                0x00000000000000c9       0x1b ./Project_Settings/Startup_Code/startup_MKL25Z4.o
 .ARM.attributes
                0x00000000000000e4       0x32 ./Project_Settings/Startup_Code/system_MKL25Z4.o
 .ARM.attributes
                0x0000000000000116       0x2c /Applications/KDS_v3.app/Contents/toolchain/bin/../lib/gcc/arm-none-eabi/4.8.4/../../../../arm-none-eabi/lib/armv6-m/libg_s.a(lib_a-exit.o)
 .ARM.attributes
                0x0000000000000142       0x2c /Applications/KDS_v3.app/Contents/toolchain/bin/../lib/gcc/arm-none-eabi/4.8.4/../../../../arm-none-eabi/lib/armv6-m/libg_s.a(lib_a-impure.o)
 .ARM.attributes
                0x000000000000016e       0x2c /Applications/KDS_v3.app/Contents/toolchain/bin/../lib/gcc/arm-none-eabi/4.8.4/../../../../arm-none-eabi/lib/armv6-m/libg_s.a(lib_a-init.o)
 .ARM.attributes
                0x000000000000019a       0x2c /Applications/KDS_v3.app/Contents/toolchain/bin/../lib/gcc/arm-none-eabi/4.8.4/../../../../arm-none-eabi/lib/armv6-m/libg_s.a(lib_a-memcpy-stub.o)
 .ARM.attributes
                0x00000000000001c6       0x2c /Applications/KDS_v3.app/Contents/toolchain/bin/../lib/gcc/arm-none-eabi/4.8.4/../../../../arm-none-eabi/lib/armv6-m/libg_s.a(lib_a-memset.o)
 .ARM.attributes
                0x00000000000001f2       0x2c /Applications/KDS_v3.app/Contents/toolchain/bin/../lib/gcc/arm-none-eabi/4.8.4/../../../../arm-none-eabi/lib/armv6-m/libnosys.a(_exit.o)
 .ARM.attributes
                0x000000000000021e       0x2c /Applications/KDS_v3.app/Contents/toolchain/bin/../lib/gcc/arm-none-eabi/4.8.4/armv6-m/crtend.o
 .ARM.attributes
                0x000000000000024a       0x1e /Applications/KDS_v3.app/Contents/toolchain/bin/../lib/gcc/arm-none-eabi/4.8.4/armv6-m/crtn.o
                0x0000000000000001                ASSERT ((__StackLimit >= __HeapLimit), region m_data overflowed with stack and heap)
OUTPUT(Project_3.elf elf32-littlearm)

.debug_info     0x0000000000000000      0xc9b
 .debug_info    0x0000000000000000      0x5eb ./Sources/dma.o
 .debug_info    0x00000000000005eb      0x229 ./Sources/main.o
 .debug_info    0x0000000000000814       0x9a ./Project_Settings/Startup_Code/startup_MKL25Z4.o
 .debug_info    0x00000000000008ae      0x3ed ./Project_Settings/Startup_Code/system_MKL25Z4.o

.debug_abbrev   0x0000000000000000      0x3ce
 .debug_abbrev  0x0000000000000000      0x1cd ./Sources/dma.o
 .debug_abbrev  0x00000000000001cd       0xe4 ./Sources/main.o
 .debug_abbrev  0x00000000000002b1       0x14 ./Project_Settings/Startup_Code/startup_MKL25Z4.o
 .debug_abbrev  0x00000000000002c5      0x109 ./Project_Settings/Startup_Code/system_MKL25Z4.o

.debug_aranges  0x0000000000000000       0xc8
 .debug_aranges
                0x0000000000000000       0x58 ./Sources/dma.o
 .debug_aranges
                0x0000000000000058       0x28 ./Sources/main.o
 .debug_aranges
                0x0000000000000080       0x20 ./Project_Settings/Startup_Code/startup_MKL25Z4.o
 .debug_aranges
                0x00000000000000a0       0x28 ./Project_Settings/Startup_Code/system_MKL25Z4.o

.debug_ranges   0x0000000000000000       0x78
 .debug_ranges  0x0000000000000000       0x48 ./Sources/dma.o
 .debug_ranges  0x0000000000000048       0x18 ./Sources/main.o
 .debug_ranges  0x0000000000000060       0x18 ./Project_Settings/Startup_Code/system_MKL25Z4.o

.debug_macro    0x0000000000000000     0xa089
 .debug_macro   0x0000000000000000      0x174 ./Sources/dma.o
 .debug_macro   0x0000000000000174      0x802 ./Sources/dma.o
 .debug_macro   0x0000000000000976       0x58 ./Sources/dma.o
 .debug_macro   0x00000000000009ce       0x16 ./Sources/dma.o
 .debug_macro   0x00000000000009e4       0x35 ./Sources/dma.o
 .debug_macro   0x0000000000000a19       0xa3 ./Sources/dma.o
 .debug_macro   0x0000000000000abc       0x16 ./Sources/dma.o
 .debug_macro   0x0000000000000ad2       0x97 ./Sources/dma.o
 .debug_macro   0x0000000000000b69       0x10 ./Sources/dma.o
 .debug_macro   0x0000000000000b79       0xef ./Sources/dma.o
 .debug_macro   0x0000000000000c68       0x4a ./Sources/dma.o
 .debug_macro   0x0000000000000cb2       0x52 ./Sources/dma.o
 .debug_macro   0x0000000000000d04       0x16 ./Sources/dma.o
 .debug_macro   0x0000000000000d1a       0x43 ./Sources/dma.o
 .debug_macro   0x0000000000000d5d      0x180 ./Sources/dma.o
 .debug_macro   0x0000000000000edd       0x10 ./Sources/dma.o
 .debug_macro   0x0000000000000eed       0x22 ./Sources/dma.o
 .debug_macro   0x0000000000000f0f       0xbd ./Sources/dma.o
 .debug_macro   0x0000000000000fcc       0x16 ./Sources/dma.o
 .debug_macro   0x0000000000000fe2      0x14a ./Sources/dma.o
 .debug_macro   0x000000000000112c      0x20f ./Sources/dma.o
 .debug_macro   0x000000000000133b       0x16 ./Sources/dma.o
 .debug_macro   0x0000000000001351       0x35 ./Sources/dma.o
 .debug_macro   0x0000000000001386       0x22 ./Sources/dma.o
 .debug_macro   0x00000000000013a8       0x4c ./Sources/dma.o
 .debug_macro   0x00000000000013f4       0x3a ./Sources/dma.o
 .debug_macro   0x000000000000142e       0x26 ./Sources/dma.o
 .debug_macro   0x0000000000001454      0x306 ./Sources/dma.o
 .debug_macro   0x000000000000175a       0x63 ./Sources/dma.o
 .debug_macro   0x00000000000017bd     0x839f ./Sources/dma.o
 .debug_macro   0x0000000000009b5c       0x4c ./Sources/dma.o
 .debug_macro   0x0000000000009ba8      0x216 ./Sources/main.o
 .debug_macro   0x0000000000009dbe       0x7e ./Project_Settings/Startup_Code/system_MKL25Z4.o
 .debug_macro   0x0000000000009e3c       0x44 ./Project_Settings/Startup_Code/system_MKL25Z4.o
 .debug_macro   0x0000000000009e80      0x209 ./Project_Settings/Startup_Code/system_MKL25Z4.o

.debug_line     0x0000000000000000      0xa22
 .debug_line    0x0000000000000000      0x37b ./Sources/dma.o
 .debug_line    0x000000000000037b      0x3b4 ./Sources/main.o
 .debug_line    0x000000000000072f       0x7b ./Project_Settings/Startup_Code/startup_MKL25Z4.o
 .debug_line    0x00000000000007aa      0x278 ./Project_Settings/Startup_Code/system_MKL25Z4.o

.debug_str      0x0000000000000000    0x354dd
 .debug_str     0x0000000000000000    0x33d21 ./Sources/dma.o
                                      0x341c3 (size before relaxing)
 .debug_str     0x0000000000033d21     0x1725 ./Sources/main.o
                                      0x35700 (size before relaxing)
 .debug_str     0x0000000000035446       0x97 ./Project_Settings/Startup_Code/system_MKL25Z4.o
                                      0x31f18 (size before relaxing)

.comment        0x0000000000000000       0x70
 .comment       0x0000000000000000       0x70 ./Sources/dma.o
                                         0x71 (size before relaxing)
 .comment       0x0000000000000000       0x71 ./Sources/main.o
 .comment       0x0000000000000000       0x71 ./Project_Settings/Startup_Code/system_MKL25Z4.o

.debug_frame    0x0000000000000000      0x260
 .debug_frame   0x0000000000000000      0x108 ./Sources/dma.o
 .debug_frame   0x0000000000000108       0x50 ./Sources/main.o
 .debug_frame   0x0000000000000158       0x4c ./Project_Settings/Startup_Code/system_MKL25Z4.o
 .debug_frame   0x00000000000001a4       0x28 /Applications/KDS_v3.app/Contents/toolchain/bin/../lib/gcc/arm-none-eabi/4.8.4/../../../../arm-none-eabi/lib/armv6-m/libg_s.a(lib_a-exit.o)
 .debug_frame   0x00000000000001cc       0x2c /Applications/KDS_v3.app/Contents/toolchain/bin/../lib/gcc/arm-none-eabi/4.8.4/../../../../arm-none-eabi/lib/armv6-m/libg_s.a(lib_a-init.o)
 .debug_frame   0x00000000000001f8       0x28 /Applications/KDS_v3.app/Contents/toolchain/bin/../lib/gcc/arm-none-eabi/4.8.4/../../../../arm-none-eabi/lib/armv6-m/libg_s.a(lib_a-memcpy-stub.o)
 .debug_frame   0x0000000000000220       0x20 /Applications/KDS_v3.app/Contents/toolchain/bin/../lib/gcc/arm-none-eabi/4.8.4/../../../../arm-none-eabi/lib/armv6-m/libg_s.a(lib_a-memset.o)
 .debug_frame   0x0000000000000240       0x20 /Applications/KDS_v3.app/Contents/toolchain/bin/../lib/gcc/arm-none-eabi/4.8.4/../../../../arm-none-eabi/lib/armv6-m/libnosys.a(_exit.o)
